asset_ref,taxonomy,lon,lat,no_damage,slight,moderate,extreme,complete
a1,"Wood",-122.00000,38.11300,9.82802E-01,1.03062E-03,2.86526E-03,3.26264E-03,1.00393E-02
