<a class="btn btn-interactive-link" href="{% url 'interactive' slug='binary-cards' %}?digits=5&amp;start=BBBBB">
<img class="btn-interactive-link-image" src="{% static 'binarycards.png' %}" />
<div class="btn-interactive-whole-page-text">
Click to load binary-cards
</div>
</a>
