============
structural  
============
1.369910E+07
============