<div>
<img class="right-align" src="{% static 'computer-studying-turing-test.png' %}" />
</div>
