<div>
<img class="left-align" src="{% static 'computer-studying-turing-test.png' %}" />
</div>
