<p>So it goes...</p>
<div>
<img class="" src="{% static 'computer-studying-turing-test.png' %}" />
<p><a href="example.com">Source</a></p>
</div>
