asset_ref,taxonomy,lon,lat,no_damage,slight,moderate,extreme,complete
a3,"Concrete",-122.57000,38.11300,9.19154E-01,4.70340E-02,2.69216E-02,5.71001E-03,1.18000E-03
a2,"Wood",-122.11400,38.11300,1.62568E-01,9.68599E-02,1.88479E-01,1.84011E-01,3.68082E-01
a5,"Steel",-122.00000,37.91000,6.41517E-01,2.26696E-01,8.83800E-02,3.40957E-02,9.31131E-03
a4,"Concrete",-122.00000,38.00000,1.86207E-01,1.66383E-01,2.72211E-01,1.88129E-01,1.87070E-01
a1,"Wood",-122.00000,38.11300,6.38146E-02,3.94151E-02,9.55428E-02,1.30180E-01,6.71047E-01
a7,"Steel",-121.88600,38.11300,4.77191E-01,2.87946E-01,1.45443E-01,6.69295E-02,2.24900E-02
