========= ======== ============ =========== ===================== =========== ============= =========== ===========
asset_ref taxonomy lon          lat         business_interruption contents    nonstructural occupants   structural 
========= ======== ============ =========== ===================== =========== ============= =========== ===========
a1        "tax1"   -1.22000E+02 3.81130E+01 2.80233E+03           2.39708E+04 2.60598E+04   5.60465E-02 1.18998E+04
a2        "tax2"   -1.22114E+02 3.81130E+01 9.83916E+02           2.03024E+04 2.53829E+04   1.96783E-02 1.19204E+03
a3        "tax1"   -1.22570E+02 3.81130E+01 6.13058E+02           3.37475E+03 5.06213E+03   1.22612E-02 6.19924E+02
a4        "tax3"   -1.22000E+02 3.80000E+01 1.30437E+03           5.01384E+03 3.43358E+04   2.60873E-02 2.49266E+03
a5        "tax1"   -1.22000E+02 3.79100E+01 6.71631E+02           3.71660E+03 5.57489E+03   1.34326E-02 0.00000E+00
a6        "tax2"   -1.22000E+02 3.82250E+01 2.17413E+03           6.43766E+04 1.22637E+05   4.34825E-02 4.19454E+03
a7        "tax1"   -1.21886E+02 3.81130E+01 1.74412E+03           1.09671E+04 1.56124E+04   3.48825E-02 4.34225E+03
========= ======== ============ =========== ===================== =========== ============= =========== ===========