asset_ref,taxonomy,lon,lat,no_damage,slight,moderate,extreme,complete
a3,"Wood",-122.57000,38.11300,9.33298E-01,3.02442E-02,2.72343E-02,5.94412E-03,3.27964E-03
a2,"Wood",-122.11400,38.11300,1.31520E-01,8.98156E-02,2.47787E-01,1.86822E-01,3.44055E-01
a5,"Wood",-122.00000,37.91000,2.78257E-01,1.30618E-01,2.60209E-01,1.41206E-01,1.89709E-01
a4,"Wood",-122.00000,38.00000,1.00203E-01,6.01070E-02,1.79287E-01,1.64883E-01,4.95520E-01
a1,"Wood",-122.00000,38.11300,5.21239E-02,3.06756E-02,1.13066E-01,1.37788E-01,6.66347E-01
a7,"Wood",-121.88600,38.11300,1.31520E-01,8.98156E-02,2.47787E-01,1.86822E-01,3.44055E-01
