<p>An inline image: <div>
<img src="http://placehold.it/350x150" title="Lipsum Lorem" />
</div>.</p>
