<p>An inline image: <div>
<img src="{% static 'path/to/image@.png' %}" />
</div>.</p>
