Tích phân
là
một
khái niệm
toán học
,
và
cùng với
nghịch đảo
của
nó
vi phân
(
differentiation
)
đóng
vai trò
là
2
phép tính
cơ bản
và
chủ chốt
trong
lĩnh vực
giải tích
(
calculus
)
.

