Ý tưởng
chủ đạo
là
tích phân
và
vi phân
là
hai
phép tính
nghịch đảo
của
nhau
.

