# source_model_tree_path=('b1',), gsim_tree_path=('b1',), investigation_time=50.0,imt=PGV
lon,lat,depth,poe-20.0,poe-30.0,poe-40.0,poe-60.0,poe-80.0,poe-100.0
135.67999,35.68000,0.00000,1.052483E-01,1.858121E-02,3.872969E-03,2.715985E-04,3.016410E-05,4.538459E-06
