python test/test.py


[33m[1mTraceback (most recent call last):[0m[33m[0m

  File "[32mtest/[1mtest.py[0m[32m[0m", line [33m17[0m, in [35m<module>[0m
[38;5;15m    [39m[38;5;15mshallow[39m[38;5;15m([39m[38;5;15mbar[39m[38;5;15m,[39m[38;5;15m [39m[38;5;141m15[39m[38;5;15m)[39m
    [36m|       -> [1m2[0m[36m[0m
    [36m-> [1m<function shallow at 0xDEADBEEF>[0m[36m[0m

  File "[32mtest/[1mtest.py[0m[32m[0m", line [33m8[0m, in [35mshallow[0m
[38;5;15m    [39m[38;5;15mdeep[39m[38;5;15m([39m[38;5;15ma[39m[38;5;15m [39m[38;5;197m+[39m[38;5;15m [39m[38;5;15mb[39m[38;5;15m)[39m
    [36m|    |   -> [1m15[0m[36m[0m
    [36m|    -> [1m2[0m[36m[0m
    [36m-> [1m<function deep at 0xDEADBEEF>[0m[36m[0m

  File "[32mtest/[1mtest.py[0m[32m[0m", line [33m13[0m, in [35mdeep[0m
[38;5;15m    [39m[38;5;81massert[39m[38;5;15m [39m[38;5;15mval[39m[38;5;15m [39m[38;5;197m>[39m[38;5;15m [39m[38;5;141m10[39m[38;5;15m [39m[38;5;197mand[39m[38;5;15m [39m[38;5;15mfoo[39m[38;5;15m [39m[38;5;197m==[39m[38;5;15m [39m[38;5;141m60[39m
    [36m       |            -> [1m52[0m[36m[0m
    [36m       -> [1m17[0m[36m[0m

[31m[1mAssertionError[0m[31m[0m:[1m [38;5;81massert[39m[38;5;15m [39m[38;5;15mval[39m[38;5;15m [39m[38;5;197m>[39m[38;5;15m [39m[38;5;141m10[39m[38;5;15m [39m[38;5;197mand[39m[38;5;15m [39m[38;5;15mfoo[39m[38;5;15m [39m[38;5;197m==[39m[38;5;15m [39m[38;5;141m60[39m

[0m



python test/test_color.py


True



python test/test_encoding.py


[33m[1mTraceback (most recent call last):[0m[33m[0m

  File "[32mtest/[1mtest_encoding.py[0m[32m[0m", line [33m14[0m, in [35m<module>[0m
[38;5;15m    [39m[38;5;15mdiv[39m[38;5;15m([39m[38;5;15m)[39m
    [36m-> [1m<function div at 0xDEADBEEF>[0m[36m[0m

  File "[32mtest/[1mtest_encoding.py[0m[32m[0m", line [33m11[0m, in [35mdiv[0m
[38;5;15m    [39m[38;5;81mreturn[39m[38;5;15m [39m[38;5;15m_deep[39m[38;5;15m([39m[38;5;186m"[39m[38;5;186m\u5929[39m[38;5;186m"[39m[38;5;15m)[39m
    [36m       -> [1m<function _deep at 0xDEADBEEF>[0m[36m[0m

  File "[32mtest/[1mtest_encoding.py[0m[32m[0m", line [33m8[0m, in [35m_deep[0m
[38;5;15m    [39m[38;5;81mreturn[39m[38;5;15m [39m[38;5;141m1[39m[38;5;15m [39m[38;5;197m/[39m[38;5;15m [39m[38;5;15mval[39m
    [36m           -> [1m'\u5929'[0m[36m[0m

[31m[1mTypeError[0m[31m[0m:[1m unsupported operand type(s) for /: 'int' and 'str'
[0m



./test/test_interactive.sh


spawn python -m better_exceptions --banner=0
0
>>> import better_exceptions
>>> def foo(a):
...     assert a > 10
... 
>>> foo(1)
[33m[1mTraceback (most recent call last):[0m[33m[0m

  File "<console>", line 1, in <module>
    foo(1)
    -> <function foo at 0xDEADBEEF>
  File "<console>", line 2, in foo
    assert a > 10
           -> 1

[31m[1mAssertionError[0m[31m[0m:[1m [38;5;81massert[39m[38;5;15m [39m[38;5;15ma[39m[38;5;15m [39m[38;5;197m>[39m[38;5;15m [39m[38;5;141m10[39m

[0m>>> exit()



./test/test_string.sh



import better_exceptions; better_exceptions.hook(); a = 5; assert a > 10 # this should work fine

[33m[1mTraceback (most recent call last):[0m[33m[0m

  File "[32m[1m<string>[0m[32m[0m", line [33m1[0m, in [35m<module>[0m
[38;5;15m    [39m[38;5;197mimport[39m[38;5;15m [39m[38;5;15mbetter_exceptions[39m[38;5;15m;[39m[38;5;15m [39m[38;5;15mbetter_exceptions[39m[38;5;197m.[39m[38;5;15mhook[39m[38;5;15m([39m[38;5;15m)[39m[38;5;15m;[39m[38;5;15m [39m[38;5;15ma[39m[38;5;15m [39m[38;5;197m=[39m[38;5;15m [39m[38;5;141m5[39m[38;5;15m;[39m[38;5;15m [39m[38;5;81massert[39m[38;5;15m [39m[38;5;15ma[39m[38;5;15m [39m[38;5;197m>[39m[38;5;15m [39m[38;5;141m10[39m[38;5;15m [39m[38;5;242m# this should work fine[39m
    [36m       |                  |                 |       |             -> [1m5[0m[36m[0m
    [36m       |                  |                 |       -> [1m5[0m[36m[0m
    [36m       |                  |                 -> [1m<function hook at 0xDEADBEEF>[0m[36m[0m
    [36m       |                  -> [1m<module 'test_module' from '/removed/for/test/purposes.py'>[0m[36m[0m
    [36m       -> [1m<module 'test_module' from '/removed/for/test/purposes.py'>[0m[36m[0m

[31m[1mAssertionError[0m[31m[0m:[1m [38;5;197mimport[39m[38;5;15m [39m[38;5;15mbetter_exceptions[39m[38;5;15m;[39m[38;5;15m [39m[38;5;15mbetter_exceptions[39m[38;5;197m.[39m[38;5;15mhook[39m[38;5;15m([39m[38;5;15m)[39m[38;5;15m;[39m[38;5;15m [39m[38;5;15ma[39m[38;5;15m [39m[38;5;197m=[39m[38;5;15m [39m[38;5;141m5[39m[38;5;15m;[39m[38;5;15m [39m[38;5;81massert[39m[38;5;15m [39m[38;5;15ma[39m[38;5;15m [39m[38;5;197m>[39m[38;5;15m [39m[38;5;141m10[39m[38;5;15m [39m[38;5;242m# this should work fine[39m

[0m
[33m[1mTraceback (most recent call last):[0m[33m[0m

  File "[32m[1m<string>[0m[32m[0m", line [33m1[0m, in [35m<module>[0m
[38;5;15m    [39m[38;5;197mimport[39m[38;5;15m [39m[38;5;15mbetter_exceptions[39m[38;5;15m;[39m[38;5;15m [39m[38;5;15mbetter_exceptions[39m[38;5;197m.[39m[38;5;15mhook[39m[38;5;15m([39m[38;5;15m)[39m[38;5;15m;[39m[38;5;15m [39m[38;5;15ma[39m[38;5;15m [39m[38;5;197m=[39m[38;5;15m [39m[38;5;141m5[39m[38;5;15m;[39m[38;5;15m [39m[38;5;81massert[39m[38;5;15m [39m[38;5;15ma[39m[38;5;15m [39m[38;5;197m>[39m[38;5;15m [39m[38;5;141m10[39m[38;5;15m [39m[38;5;242m# this should work fine[39m
    [36m       |                  |                 |       |             -> [1m5[0m[36m[0m
    [36m       |                  |                 |       -> [1m5[0m[36m[0m
    [36m       |                  |                 -> [1m<function hook at 0xDEADBEEF>[0m[36m[0m
    [36m       |                  -> [1m<module 'test_module' from '/removed/for/test/purposes.py'>[0m[36m[0m
    [36m       -> [1m<module 'test_module' from '/removed/for/test/purposes.py'>[0m[36m[0m

[31m[1mAssertionError[0m[31m[0m:[1m [38;5;197mimport[39m[38;5;15m [39m[38;5;15mbetter_exceptions[39m[38;5;15m;[39m[38;5;15m [39m[38;5;15mbetter_exceptions[39m[38;5;197m.[39m[38;5;15mhook[39m[38;5;15m([39m[38;5;15m)[39m[38;5;15m;[39m[38;5;15m [39m[38;5;15ma[39m[38;5;15m [39m[38;5;197m=[39m[38;5;15m [39m[38;5;141m5[39m[38;5;15m;[39m[38;5;15m [39m[38;5;81massert[39m[38;5;15m [39m[38;5;15ma[39m[38;5;15m [39m[38;5;197m>[39m[38;5;15m [39m[38;5;141m10[39m[38;5;15m [39m[38;5;242m# this should work fine[39m

[0m
from __future__ import print_function; import better_exceptions; better_exceptions.hook(); a = "why hello there"; print(a); assert False

[33m[1mTraceback (most recent call last):[0m[33m[0m

  File "[32m[1m<string>[0m[32m[0m", line [33m1[0m, in [35m<module>[0m
[38;5;15m    [39m[38;5;197mfrom[39m[38;5;15m [39m[38;5;15m__future__[39m[38;5;15m [39m[38;5;81mimport[39m[38;5;15m [39m[38;5;15mprint_function[39m[38;5;15m;[39m[38;5;15m [39m[38;5;197mimport[39m[38;5;15m [39m[38;5;15mbetter_exceptions[39m[38;5;15m;[39m[38;5;15m [39m[38;5;15mbetter_exceptions[39m[38;5;197m.[39m[38;5;15mhook[39m[38;5;15m([39m[38;5;15m)[39m[38;5;15m;[39m[38;5;15m [39m[38;5;15ma[39m[38;5;15m [39m[38;5;197m=[39m[38;5;15m [39m[38;5;186m"[39m[38;5;186mwhy hello there[39m[38;5;186m"[39m[38;5;15m;[39m[38;5;15m [39m[38;5;15mprint[39m[38;5;15m([39m[38;5;15ma[39m[38;5;15m)[39m[38;5;15m;[39m[38;5;15m [39m[38;5;81massert[39m[38;5;15m [39m[38;5;81mFalse[39m
    [36m                       |                      |                  |                 |       |                      |     -> [1m'why hello there'[0m[36m[0m
    [36m                       |                      |                  |                 |       |                      -> [1m<built-in function print>[0m[36m[0m
    [36m                       |                      |                  |                 |       -> [1m'why hello there'[0m[36m[0m
    [36m                       |                      |                  |                 -> [1m<function hook at 0xDEADBEEF>[0m[36m[0m
    [36m                       |                      |                  -> [1m<module 'test_module' from '/removed/for/test/purposes.py'>[0m[36m[0m
    [36m                       |                      -> [1m<module 'test_module' from '/removed/for/test/purposes.py'>[0m[36m[0m
    [36m                       -> [1m_Feature((2, 6, 0, 'alpha', 2), (3, 0, 0, 'alpha', 0), 65536)[0m[36m[0m

[31m[1mAssertionError[0m[31m[0m:[1m [38;5;197mfrom[39m[38;5;15m [39m[38;5;15m__future__[39m[38;5;15m [39m[38;5;81mimport[39m[38;5;15m [39m[38;5;15mprint_function[39m[38;5;15m;[39m[38;5;15m [39m[38;5;197mimport[39m[38;5;15m [39m[38;5;15mbetter_exceptions[39m[38;5;15m;[39m[38;5;15m [39m[38;5;15mbetter_exceptions[39m[38;5;197m.[39m[38;5;15mhook[39m[38;5;15m([39m[38;5;15m)[39m[38;5;15m;[39m[38;5;15m [39m[38;5;15ma[39m[38;5;15m [39m[38;5;197m=[39m[38;5;15m [39m[38;5;186m"[39m[38;5;186mwhy hello there[39m[38;5;186m"[39m[38;5;15m;[39m[38;5;15m [39m[38;5;15mprint[39m[38;5;15m([39m[38;5;15ma[39m[38;5;15m)[39m[38;5;15m;[39m[38;5;15m [39m[38;5;81massert[39m[38;5;15m [39m[38;5;81mFalse[39m

[0mwhy hello there

[33m[1mTraceback (most recent call last):[0m[33m[0m

  File "[32m[1m<string>[0m[32m[0m", line [33m1[0m, in [35m<module>[0m
[38;5;15m    [39m[38;5;197mfrom[39m[38;5;15m [39m[38;5;15m__future__[39m[38;5;15m [39m[38;5;81mimport[39m[38;5;15m [39m[38;5;15mprint_function[39m[38;5;15m;[39m[38;5;15m [39m[38;5;197mimport[39m[38;5;15m [39m[38;5;15mbetter_exceptions[39m[38;5;15m;[39m[38;5;15m [39m[38;5;15mbetter_exceptions[39m[38;5;197m.[39m[38;5;15mhook[39m[38;5;15m([39m[38;5;15m)[39m[38;5;15m;[39m[38;5;15m [39m[38;5;15ma[39m[38;5;15m [39m[38;5;197m=[39m[38;5;15m [39m[38;5;186m"[39m[38;5;186mwhy hello there[39m[38;5;186m"[39m[38;5;15m;[39m[38;5;15m [39m[38;5;15mprint[39m[38;5;15m([39m[38;5;15ma[39m[38;5;15m)[39m[38;5;15m;[39m[38;5;15m [39m[38;5;81massert[39m[38;5;15m [39m[38;5;81mFalse[39m
    [36m                       |                      |                  |                 |       |                      |     -> [1m'why hello there'[0m[36m[0m
    [36m                       |                      |                  |                 |       |                      -> [1m<built-in function print>[0m[36m[0m
    [36m                       |                      |                  |                 |       -> [1m'why hello there'[0m[36m[0m
    [36m                       |                      |                  |                 -> [1m<function hook at 0xDEADBEEF>[0m[36m[0m
    [36m                       |                      |                  -> [1m<module 'test_module' from '/removed/for/test/purposes.py'>[0m[36m[0m
    [36m                       |                      -> [1m<module 'test_module' from '/removed/for/test/purposes.py'>[0m[36m[0m
    [36m                       -> [1m_Feature((2, 6, 0, 'alpha', 2), (3, 0, 0, 'alpha', 0), 65536)[0m[36m[0m

[31m[1mAssertionError[0m[31m[0m:[1m [38;5;197mfrom[39m[38;5;15m [39m[38;5;15m__future__[39m[38;5;15m [39m[38;5;81mimport[39m[38;5;15m [39m[38;5;15mprint_function[39m[38;5;15m;[39m[38;5;15m [39m[38;5;197mimport[39m[38;5;15m [39m[38;5;15mbetter_exceptions[39m[38;5;15m;[39m[38;5;15m [39m[38;5;15mbetter_exceptions[39m[38;5;197m.[39m[38;5;15mhook[39m[38;5;15m([39m[38;5;15m)[39m[38;5;15m;[39m[38;5;15m [39m[38;5;15ma[39m[38;5;15m [39m[38;5;197m=[39m[38;5;15m [39m[38;5;186m"[39m[38;5;186mwhy hello there[39m[38;5;186m"[39m[38;5;15m;[39m[38;5;15m [39m[38;5;15mprint[39m[38;5;15m([39m[38;5;15ma[39m[38;5;15m)[39m[38;5;15m;[39m[38;5;15m [39m[38;5;81massert[39m[38;5;15m [39m[38;5;81mFalse[39m

[0mwhy hello there

from __future__ import print_function; import better_exceptions; better_exceptions.hook(); a = "why     hello          " + "   there"; print(a); assert False

[33m[1mTraceback (most recent call last):[0m[33m[0m

  File "[32m[1m<string>[0m[32m[0m", line [33m1[0m, in [35m<module>[0m
[38;5;15m    [39m[38;5;197mfrom[39m[38;5;15m [39m[38;5;15m__future__[39m[38;5;15m [39m[38;5;81mimport[39m[38;5;15m [39m[38;5;15mprint_function[39m[38;5;15m;[39m[38;5;15m [39m[38;5;197mimport[39m[38;5;15m [39m[38;5;15mbetter_exceptions[39m[38;5;15m;[39m[38;5;15m [39m[38;5;15mbetter_exceptions[39m[38;5;197m.[39m[38;5;15mhook[39m[38;5;15m([39m[38;5;15m)[39m[38;5;15m;[39m[38;5;15m [39m[38;5;15ma[39m[38;5;15m [39m[38;5;197m=[39m[38;5;15m [39m[38;5;186m"[39m[38;5;186mwhy     hello          [39m[38;5;186m"[39m[38;5;15m [39m[38;5;197m+[39m[38;5;15m [39m[38;5;186m"[39m[38;5;186m   there[39m[38;5;186m"[39m[38;5;15m;[39m[38;5;15m [39m[38;5;15mprint[39m[38;5;15m([39m[38;5;15ma[39m[38;5;15m)[39m[38;5;15m;[39m[38;5;15m [39m[38;5;81massert[39m[38;5;15m [39m[38;5;81mFalse[39m
    [36m                       |                      |                  |                 |       |                                           |     -> [1m'why     hello             there'[0m[36m[0m
    [36m                       |                      |                  |                 |       |                                           -> [1m<built-in function print>[0m[36m[0m
    [36m                       |                      |                  |                 |       -> [1m'why     hello             there'[0m[36m[0m
    [36m                       |                      |                  |                 -> [1m<function hook at 0xDEADBEEF>[0m[36m[0m
    [36m                       |                      |                  -> [1m<module 'test_module' from '/removed/for/test/purposes.py'>[0m[36m[0m
    [36m                       |                      -> [1m<module 'test_module' from '/removed/for/test/purposes.py'>[0m[36m[0m
    [36m                       -> [1m_Feature((2, 6, 0, 'alpha', 2), (3, 0, 0, 'alpha', 0), 65536)[0m[36m[0m

[31m[1mAssertionError[0m[31m[0m:[1m [38;5;197mfrom[39m[38;5;15m [39m[38;5;15m__future__[39m[38;5;15m [39m[38;5;81mimport[39m[38;5;15m [39m[38;5;15mprint_function[39m[38;5;15m;[39m[38;5;15m [39m[38;5;197mimport[39m[38;5;15m [39m[38;5;15mbetter_exceptions[39m[38;5;15m;[39m[38;5;15m [39m[38;5;15mbetter_exceptions[39m[38;5;197m.[39m[38;5;15mhook[39m[38;5;15m([39m[38;5;15m)[39m[38;5;15m;[39m[38;5;15m [39m[38;5;15ma[39m[38;5;15m [39m[38;5;197m=[39m[38;5;15m [39m[38;5;186m"[39m[38;5;186mwhy     hello          [39m[38;5;186m"[39m[38;5;15m [39m[38;5;197m+[39m[38;5;15m [39m[38;5;186m"[39m[38;5;186m   there[39m[38;5;186m"[39m[38;5;15m;[39m[38;5;15m [39m[38;5;15mprint[39m[38;5;15m([39m[38;5;15ma[39m[38;5;15m)[39m[38;5;15m;[39m[38;5;15m [39m[38;5;81massert[39m[38;5;15m [39m[38;5;81mFalse[39m

[0mwhy     hello             there

[33m[1mTraceback (most recent call last):[0m[33m[0m

  File "[32m[1m<string>[0m[32m[0m", line [33m1[0m, in [35m<module>[0m
[38;5;15m    [39m[38;5;197mfrom[39m[38;5;15m [39m[38;5;15m__future__[39m[38;5;15m [39m[38;5;81mimport[39m[38;5;15m [39m[38;5;15mprint_function[39m[38;5;15m;[39m[38;5;15m [39m[38;5;197mimport[39m[38;5;15m [39m[38;5;15mbetter_exceptions[39m[38;5;15m;[39m[38;5;15m [39m[38;5;15mbetter_exceptions[39m[38;5;197m.[39m[38;5;15mhook[39m[38;5;15m([39m[38;5;15m)[39m[38;5;15m;[39m[38;5;15m [39m[38;5;15ma[39m[38;5;15m [39m[38;5;197m=[39m[38;5;15m [39m[38;5;186m"[39m[38;5;186mwhy     hello          [39m[38;5;186m"[39m[38;5;15m [39m[38;5;197m+[39m[38;5;15m [39m[38;5;186m"[39m[38;5;186m   there[39m[38;5;186m"[39m[38;5;15m;[39m[38;5;15m [39m[38;5;15mprint[39m[38;5;15m([39m[38;5;15ma[39m[38;5;15m)[39m[38;5;15m;[39m[38;5;15m [39m[38;5;81massert[39m[38;5;15m [39m[38;5;81mFalse[39m
    [36m                       |                      |                  |                 |       |                                           |     -> [1m'why     hello             there'[0m[36m[0m
    [36m                       |                      |                  |                 |       |                                           -> [1m<built-in function print>[0m[36m[0m
    [36m                       |                      |                  |                 |       -> [1m'why     hello             there'[0m[36m[0m
    [36m                       |                      |                  |                 -> [1m<function hook at 0xDEADBEEF>[0m[36m[0m
    [36m                       |                      |                  -> [1m<module 'test_module' from '/removed/for/test/purposes.py'>[0m[36m[0m
    [36m                       |                      -> [1m<module 'test_module' from '/removed/for/test/purposes.py'>[0m[36m[0m
    [36m                       -> [1m_Feature((2, 6, 0, 'alpha', 2), (3, 0, 0, 'alpha', 0), 65536)[0m[36m[0m

[31m[1mAssertionError[0m[31m[0m:[1m [38;5;197mfrom[39m[38;5;15m [39m[38;5;15m__future__[39m[38;5;15m [39m[38;5;81mimport[39m[38;5;15m [39m[38;5;15mprint_function[39m[38;5;15m;[39m[38;5;15m [39m[38;5;197mimport[39m[38;5;15m [39m[38;5;15mbetter_exceptions[39m[38;5;15m;[39m[38;5;15m [39m[38;5;15mbetter_exceptions[39m[38;5;197m.[39m[38;5;15mhook[39m[38;5;15m([39m[38;5;15m)[39m[38;5;15m;[39m[38;5;15m [39m[38;5;15ma[39m[38;5;15m [39m[38;5;197m=[39m[38;5;15m [39m[38;5;186m"[39m[38;5;186mwhy     hello          [39m[38;5;186m"[39m[38;5;15m [39m[38;5;197m+[39m[38;5;15m [39m[38;5;186m"[39m[38;5;186m   there[39m[38;5;186m"[39m[38;5;15m;[39m[38;5;15m [39m[38;5;15mprint[39m[38;5;15m([39m[38;5;15ma[39m[38;5;15m)[39m[38;5;15m;[39m[38;5;15m [39m[38;5;81massert[39m[38;5;15m [39m[38;5;81mFalse[39m

[0mwhy     hello             there



python test/test_logging.py


ERROR:__main__:callback failed
[33m[1mTraceback (most recent call last):[0m[33m[0m

  File "[32mtest/[1mtest_logging.py[0m[32m[0m", line [33m16[0m, in [35mfoo[0m
[38;5;15m    [39m[38;5;15mcb[39m[38;5;15m([39m[38;5;15m)[39m
    [36m-> [1m<function bar3 at 0xDEADBEEF>[0m[36m[0m

  File "[32mtest/[1mtest_logging.py[0m[32m[0m", line [33m33[0m, in [35mbar3[0m
[38;5;15m    [39m[38;5;81mraise[39m[38;5;15m [39m[38;5;148mException[39m[38;5;15m([39m[38;5;186m'[39m[38;5;186mthis is a test exception[39m[38;5;186m'[39m[38;5;15m)[39m
    [36m      -> [1m<class 'Exception'>[0m[36m[0m

[31m[1mException[0m[31m[0m:[1m this is a test exception
[0m
ERROR:__main__:callback failed
[33m[1mTraceback (most recent call last):[0m[33m[0m

  File "[32mtest/[1mtest_logging.py[0m[32m[0m", line [33m16[0m, in [35mfoo[0m
[38;5;15m    [39m[38;5;15mcb[39m[38;5;15m([39m[38;5;15m)[39m
    [36m-> [1m<function bar4 at 0xDEADBEEF>[0m[36m[0m

  File "[32mtest/[1mtest_logging.py[0m[32m[0m", line [33m38[0m, in [35mbar4[0m
[38;5;15m    [39m[38;5;81massert[39m[38;5;15m [39m[38;5;15mbaz[39m[38;5;15m [39m[38;5;197m==[39m[38;5;15m [39m[38;5;141m90[39m
    [36m       -> [1m52[0m[36m[0m

[31m[1mAssertionError[0m[31m[0m:[1m [38;5;81massert[39m[38;5;15m [39m[38;5;15mbaz[39m[38;5;15m [39m[38;5;197m==[39m[38;5;15m [39m[38;5;141m90[39m

[0m



python test/test_truncating.py


[33m[1mTraceback (most recent call last):[0m[33m[0m

  File "[32mtest/[1mtest_truncating.py[0m[32m[0m", line [33m12[0m, in [35m<module>[0m
[38;5;15m    [39m[38;5;15mdiv[39m[38;5;15m([39m[38;5;15m)[39m
    [36m-> [1m<function ...[0m[36m[0m

  File "[32mtest/[1mtest_truncating.py[0m[32m[0m", line [33m9[0m, in [35mdiv[0m
[38;5;15m    [39m[38;5;81mreturn[39m[38;5;15m [39m[38;5;141m1[39m[38;5;15m [39m[38;5;197m/[39m[38;5;15m [39m[38;5;15mvar[39m
    [36m           -> [1m'999999999...[0m[36m[0m

[31m[1mTypeError[0m[31m[0m:[1m unsupported operand type(s) for /: 'int' and 'str'
[0m



python test/test_truncating_disabled.py


[33m[1mTraceback (most recent call last):[0m[33m[0m

  File "[32mtest/[1mtest_truncating_disabled.py[0m[32m[0m", line [33m12[0m, in [35m<module>[0m
[38;5;15m    [39m[38;5;15mdiv[39m[38;5;15m([39m[38;5;15m)[39m
    [36m-> [1m<function div at 0xDEADBEEF>[0m[36m[0m

  File "[32mtest/[1mtest_truncating_disabled.py[0m[32m[0m", line [33m9[0m, in [35mdiv[0m
[38;5;15m    [39m[38;5;81mreturn[39m[38;5;15m [39m[38;5;141m1[39m[38;5;15m [39m[38;5;197m/[39m[38;5;15m [39m[38;5;15mvar[39m
    [36m           -> [1m'999999999999999999999999999999999999999999999999999999999999999999999999999999999999999999999999999999999999999999999999999999999999999999999999999999'[0m[36m[0m

[31m[1mTypeError[0m[31m[0m:[1m unsupported operand type(s) for /: 'int' and 'str'
[0m



python test/test_indentation_error.py


[33m[1mTraceback (most recent call last):[0m[33m[0m

  File "[32mtest/[1mtest_indentation_error.py[0m[32m[0m", line [33m13[0m, in [35m<module>[0m
[38;5;15m    [39m[38;5;15mcompile[39m[38;5;15m([39m[38;5;15mcode[39m[38;5;15m,[39m[38;5;15m [39m[38;5;186m'[39m[38;5;186m<string>[39m[38;5;186m'[39m[38;5;15m,[39m[38;5;15m [39m[38;5;186m'[39m[38;5;186mexec[39m[38;5;186m'[39m[38;5;15m)[39m
    [36m|       -> [1m'\nif True:\n    a = 5\n        print("foobar")  #intentional faulty indentation here.\n    b = 7\n'[0m[36m[0m
    [36m-> [1m<built-in function compile>[0m[36m[0m


  File "[32m[1m<string>[0m[32m[0m", line [33m4[0m
[38;5;15m    [39m[38;5;15mprint[39m[38;5;15m([39m[38;5;186m"[39m[38;5;186mfoobar[39m[38;5;186m"[39m[38;5;15m)[39m[38;5;15m  [39m[38;5;242m#intentional faulty indentation here.[39m
[38;5;15m    [39m[38;5;197m^[39m

[31m[1mIndentationError[0m[31m[0m:[1m unexpected indent
[0m



python test/test_syntax_error.py


[33m[1mTraceback (most recent call last):[0m[33m[0m

  File "[32mtest/[1mtest_syntax_error.py[0m[32m[0m", line [33m12[0m, in [35m<module>[0m
[38;5;15m    [39m[38;5;15mcompile[39m[38;5;15m([39m[38;5;15mcode[39m[38;5;15m,[39m[38;5;15m [39m[38;5;186m'[39m[38;5;186m<string>[39m[38;5;186m'[39m[38;5;15m,[39m[38;5;15m [39m[38;5;186m'[39m[38;5;186mexec[39m[38;5;186m'[39m[38;5;15m)[39m
    [36m|       -> [1m'\nif True:\n    a = 5\n    b = 7 *\n'[0m[36m[0m
    [36m-> [1m<built-in function compile>[0m[36m[0m


  File "[32m[1m<string>[0m[32m[0m", line [33m4[0m
[38;5;15m    [39m[38;5;15mb[39m[38;5;15m [39m[38;5;197m=[39m[38;5;15m [39m[38;5;141m7[39m[38;5;15m [39m[38;5;197m*[39m
[38;5;15m          [39m[38;5;197m^[39m

[31m[1mSyntaxError[0m[31m[0m:[1m invalid syntax
[0m



python test/test_attributes.py


[33m[1mTraceback (most recent call last):[0m[33m[0m

  File "[32mtest/[1mtest_attributes.py[0m[32m[0m", line [33m17[0m, in [35m<module>[0m
[38;5;15m    [39m[38;5;15mattr[39m[38;5;15m([39m[38;5;15m)[39m
    [36m-> [1m<function attr at 0xDEADBEEF>[0m[36m[0m

  File "[32mtest/[1mtest_attributes.py[0m[32m[0m", line [33m15[0m, in [35mattr[0m
[38;5;15m    [39m[38;5;15m([39m[38;5;15mb[39m[38;5;15m [39m[38;5;197m/[39m[38;5;15m [39m[38;5;15ma[39m[38;5;15m)[39m[38;5;197m.[39m[38;5;15mtest[39m[38;5;15m [39m[38;5;197m*[39m[38;5;15m [39m[38;5;15mfoo[39m[38;5;15m([39m[38;5;15md[39m[38;5;197m.[39m[38;5;15m [39m[38;5;15mA[39m[38;5;15m [39m[38;5;197mor[39m[38;5;15m [39m[38;5;15md[39m[38;5;15m [39m[38;5;197m.[39m[38;5;15mB[39m[38;5;15m)[39m[38;5;15m [39m[38;5;197m*[39m[38;5;15m [39m[38;5;15m([39m[38;5;15mc[39m[38;5;197m.[39m[38;5;15mDDD[39m[38;5;197m.[39m[38;5;15mB[39m[38;5;15m)[39m[38;5;15m [39m[38;5;197m-[39m[38;5;15m [39m[38;5;15mc[39m[38;5;197m.[39m[38;5;15mDDD[39m[38;5;197m.[39m[38;5;15mA[39m[38;5;197m.[39m[38;5;15misdigit[39m[38;5;15m([39m[38;5;15m)[39m[38;5;15m [39m[38;5;197m/[39m[38;5;15m [39m[38;5;197m.[39m[38;5;141m3[39m
    [36m |   |             |  |    |  |     | |   |    | |   | -> [1m<built-in method isdigit of str object at 0xDEADBEEF>[0m[36m[0m
    [36m |   |             |  |    |  |     | |   |    | |   -> [1m'string'[0m[36m[0m
    [36m |   |             |  |    |  |     | |   |    | -> [1m<__main__.Obj object at 0xDEADBEEF>[0m[36m[0m
    [36m |   |             |  |    |  |     | |   |    -> [1m<__main__.Obj object at 0xDEADBEEF>[0m[36m[0m
    [36m |   |             |  |    |  |     | |   -> [1m123[0m[36m[0m
    [36m |   |             |  |    |  |     | -> [1m<__main__.Obj object at 0xDEADBEEF>[0m[36m[0m
    [36m |   |             |  |    |  |     -> [1m<__main__.Obj object at 0xDEADBEEF>[0m[36m[0m
    [36m |   |             |  |    |  -> [1m123[0m[36m[0m
    [36m |   |             |  |    -> [1m<__main__.Obj object at 0xDEADBEEF>[0m[36m[0m
    [36m |   |             |  -> [1m'string'[0m[36m[0m
    [36m |   |             -> [1m<__main__.Obj object at 0xDEADBEEF>[0m[36m[0m
    [36m |   -> [1m'string'[0m[36m[0m
    [36m -> [1m123[0m[36m[0m

[31m[1mTypeError[0m[31m[0m:[1m unsupported operand type(s) for /: 'int' and 'str'
[0m



python test/test_multilines_repr.py


[33m[1mTraceback (most recent call last):[0m[33m[0m

  File "[32mtest/[1mtest_multilines_repr.py[0m[32m[0m", line [33m16[0m, in [35m<module>[0m
[38;5;15m    [39m[38;5;15mmultiline[39m[38;5;15m([39m[38;5;15m)[39m
    [36m-> [1m<function multiline at 0xDEADBEEF>[0m[36m[0m

  File "[32mtest/[1mtest_multilines_repr.py[0m[32m[0m", line [33m14[0m, in [35mmultiline[0m
[38;5;15m    [39m[38;5;15ma[39m[38;5;15m [39m[38;5;197m+[39m[38;5;15m [39m[38;5;15mb[39m
    [36m|   -> [1m[[1, 2, 3][0m[36m[0m
    [36m|       [1m[4, 5, 6][0m[36m[0m
    [36m|       [1m[7, 8, 9]][0m[36m[0m
    [36m-> [1m[[1, 2, 3][0m[36m[0m
    [36m    [1m[4, 5, 6][0m[36m[0m
    [36m    [1m[7, 8, 9]][0m[36m[0m

[31m[1mTypeError[0m[31m[0m:[1m unsupported operand type(s) for +: 'A' and 'A'
[0m



