# This map file was created with smap

RELEASE_1_1_0
{
    global:
        symbol;
    local:
        *;
} ;

