# This map file was created with smap

RELEASE_1_0_0
{
    global:
        symbol;
    local:
        *;
} ;

