Added:
    symbol

Removed:
    one_symbol

Merging all symbols in a single new release
# This map file was updated with smap

BASE_2_0_0
{
    global:
        symbol;
    local:
        *;
} ;

