<div class="text-center">
<img class="rounded img-thumbnail" src="http://placehold.it/350x150" />
<h4>This is the caption text.</h4>
</div>
