asset_ref,taxonomy,lon,lat,business_interruption,contents,nonstructural,occupants,structural,business_interruption_ins,contents_ins,nonstructural_ins,occupants_ins,structural_ins
a3,"tax1",-122.57000,38.11300,5.72888E+02,2.99845E+03,4.49767E+03,1.14578E-02,0.00000E+00,1.75000E+01,1.75000E+01,1.75000E+01,0.00000E+00,0.00000E+00
a2,"tax2",-122.11400,38.11300,9.21623E+02,1.44253E+04,2.10639E+04,1.84325E-02,0.00000E+00,1.75000E+01,1.75000E+01,1.75000E+01,0.00000E+00,0.00000E+00
a5,"tax1",-122.00000,37.91000,5.76711E+02,3.07613E+03,4.61419E+03,1.15342E-02,0.00000E+00,1.75000E+01,1.75000E+01,1.75000E+01,0.00000E+00,0.00000E+00
a4,"tax3",-122.00000,38.00000,1.20898E+03,4.45907E+03,1.52487E+04,2.41795E-02,0.00000E+00,1.75000E+01,1.75000E+01,1.75000E+01,0.00000E+00,0.00000E+00
a1,"tax1",-122.00000,38.11300,1.64445E+03,1.06817E+04,1.52775E+04,3.28890E-02,6.45237E+03,1.75000E+01,1.75000E+01,1.75000E+01,0.00000E+00,1.29630E+01
a6,"tax2",-122.00000,38.22500,1.76897E+03,2.41689E+04,2.82266E+04,3.53794E-02,3.76725E+03,1.75000E+01,1.75000E+01,1.75000E+01,0.00000E+00,1.29630E+01
a7,"tax1",-121.88600,38.11300,1.61213E+03,8.97725E+03,1.34659E+04,3.22426E-02,1.13182E+03,1.75000E+01,1.75000E+01,1.75000E+01,0.00000E+00,1.29630E+00
