# source_model_tree_path=('b1', 'mfd1', 'mid', 'dip', 'dip60'), gsim_tree_path=('Sad1997',), investigation_time=1.0,imt=PGA
lon,lat,depth,PGA-0.01:float32,PGA-0.1:float32,PGA-0.3:float32,PGA-1.0:float32
-64.91005,0.00000,0.00000,2.415754E-02,1.018522E-02,5.633581E-03,1.432147E-04
