# source_model_tree_path=('b1', 'mfd2', 'high', 'dip', 'dip45'), gsim_tree_path=('Sad1997',), investigation_time=1.0,imt=PGA
lon,lat,depth,PGA-0.01:float32,PGA-0.1:float32,PGA-0.3:float32,PGA-1.0:float32
-64.91005,0.00000,0.00000,8.557532E-02,7.259556E-02,5.036968E-02,1.047934E-03
