asset_ref,taxonomy,lon,lat,no_damage,slight,moderate,extreme,complete
a1,"Wood",-122.00000,38.11300,9.72924E-01,5.00325E-03,6.72563E-03,5.05347E-03,1.02932E-02
