asset_ref,taxonomy,lon,lat,no_damage,slight,moderate,extreme,complete
a1,"Wood",-122.00000,38.11300,9.70996E-01,4.41834E-03,8.36818E-03,5.25387E-03,1.09637E-02
