loss_type,unit,mean,stddev
structural,USD,5.951024E+02,3.674575E+02
