asset_ref,taxonomy,lon,lat,no_damage,slight,moderate,extreme,complete
a1,"Wood",-122.00000,38.11300,9.70872E-01,4.51488E-03,8.44118E-03,5.25540E-03,1.09168E-02
