Added:
    symbol

# This map file was updated with smap

WITH_WILDCARD_1_1_0
{
    global:
        symbol;
} WITH_WILDCARD_1_0_0;

WITH_WILDCARD_1_0_0
{
    global:
        *;
        one_symbol;
    local:
        *;
} ;

