# This map file was updated with smap

LIBTC2_2_0_0
{
    global:
        another_symbol;
    local:
        *;
} ;

