========= ======== ============ =========== ===========
asset_ref taxonomy lon          lat         structural 
========= ======== ============ =========== ===========
a1        "tax1"   -1.22000E+02 3.81130E+01 2.28000E+04
========= ======== ============ =========== ===========