asset_ref,taxonomy,lon,lat,no_damage,slight,moderate,extreme,complete
a1,"Wood",-122.00000,38.11300,9.72110E-01,4.77188E-03,6.59320E-03,5.12907E-03,1.13957E-02
